// Jest Snapshot v1, https://goo.gl/fbAQLP

exports[`Render MoviePageContaiter 1`] = `
Array [
  <div
    className="movie-rating"
  >
    <div
      className="movie-rating__score"
    >
      8.4
    </div>
    <p
      className="movie-rating__meta"
    >
      <span
        className="movie-rating__level"
      >
        Very good
      </span>
      <span
        className="movie-rating__count"
      >
        233
         ratings
      </span>
    </p>
  </div>,
  <div
    className="movie-card__text"
  >
    <p>
      In the 1930s, the Grand Budapest Hotel is a popular European 
  ski resort, presided over by concierge Gustave H. (Ralph Fiennes). Zero, a 
  junior lobby boy, becomes Gustave's friend and protege.
    </p>
    <p
      className="movie-card__director"
    >
      <strong>
        Director: 
        Wes Andreson
      </strong>
    </p>
    <p
      className="movie-card__starring"
    >
      <strong>
        Starring: 
        Bill Murray
        Edward Norton
        Jude Law
        Willem Dafoe
        Saoirse Ronan
      </strong>
    </p>
  </div>,
]
`;
