// Jest Snapshot v1, https://goo.gl/fbAQLP

exports[`Render MovieList 1`] = `
Array [
  <article
    className="small-movie-card catalog__movies-card"
    id={6}
    onMouseEnter={[Function]}
    onMouseLeave={[Function]}
  >
    <div
      className="small-movie-card__image"
      onClick={[Function]}
    >
      <img
        alt="What We Do in the Shadows"
        height="175"
        src="img/what-we-do-in-the-shadows.jpg"
        width="280"
      />
    </div>
    <h3
      className="small-movie-card__title"
    >
      <a
        className="small-movie-card__link"
        href="movie-page.html"
        onClick={[Function]}
      >
        What We Do in the Shadows
      </a>
    </h3>
  </article>,
  <article
    className="small-movie-card catalog__movies-card"
    id={7}
    onMouseEnter={[Function]}
    onMouseLeave={[Function]}
  >
    <div
      className="small-movie-card__image"
      onClick={[Function]}
    >
      <img
        alt="Johnny English"
        height="175"
        src="img/johnny-english.jpg"
        width="280"
      />
    </div>
    <h3
      className="small-movie-card__title"
    >
      <a
        className="small-movie-card__link"
        href="movie-page.html"
        onClick={[Function]}
      >
        Johnny English
      </a>
    </h3>
  </article>,
]
`;
