// Jest Snapshot v1, https://goo.gl/fbAQLP

exports[`Render MoviePageContaiter 1`] = `
Array [
  <article
    className="small-movie-card catalog__movies-card"
    id={6}
    onMouseEnter={[Function]}
    onMouseLeave={[Function]}
  >
    <div
      className="small-movie-card__image"
      onClick={[Function]}
    >
      <video
        autoPlay={false}
        height="175"
        loop={true}
        muted={true}
        poster="img/what-we-do-in-the-shadows.jpg"
        preload="none"
        src="https://upload.wikimedia.org/wikipedia/commons/transcoded/b/b3/Big_Buck_Bunny_Trailer_400p.ogv/Big_Buck_Bunny_Trailer_400p.ogv.360p.webm"
        width="280"
      />
    </div>
    <h3
      className="small-movie-card__title"
    >
      <a
        className="small-movie-card__link"
        href="movie-page.html"
        onClick={[Function]}
      >
        What We Do in the Shadows
      </a>
    </h3>
  </article>,
  <article
    className="small-movie-card catalog__movies-card"
    id={7}
    onMouseEnter={[Function]}
    onMouseLeave={[Function]}
  >
    <div
      className="small-movie-card__image"
      onClick={[Function]}
    >
      <video
        autoPlay={false}
        height="175"
        loop={true}
        muted={true}
        poster="img/johnny-english.jpg"
        preload="none"
        src="https://upload.wikimedia.org/wikipedia/commons/transcoded/b/b3/Big_Buck_Bunny_Trailer_400p.ogv/Big_Buck_Bunny_Trailer_400p.ogv.360p.webm"
        width="280"
      />
    </div>
    <h3
      className="small-movie-card__title"
    >
      <a
        className="small-movie-card__link"
        href="movie-page.html"
        onClick={[Function]}
      >
        Johnny English
      </a>
    </h3>
  </article>,
]
`;
